-- Using LLD to link Lagom.
-- The C compiler identification is Clang 21.1.8
-- The CXX compiler identification is Clang 21.1.8
-- Detecting C compiler ABI info
-- Detecting C compiler ABI info - done
-- Check for working C compiler: /boot/system/bin/clang - skipped
-- Detecting C compile features
-- Detecting C compile features - done
-- Detecting CXX compiler ABI info
-- Detecting CXX compiler ABI info - done
-- Check for working CXX compiler: /boot/system/bin/clang++ - skipped
-- Detecting CXX compile features
-- Detecting CXX compile features - done
-- Performing Test LAGOM_LINKER_SUPPORTS_LINKER:--gdb-index
-- Performing Test LAGOM_LINKER_SUPPORTS_LINKER:--gdb-index - Success
-- Performing Test LAGOM_LINKER_SUPPORTS_LINKER:-Bsymbolic-non-weak-functions
-- Performing Test LAGOM_LINKER_SUPPORTS_LINKER:-Bsymbolic-non-weak-functions - Success
-- Found PkgConfig: /boot/system/bin/pkg-config (found version "1.5.3")
-- Checking for module 'libedit'
--   Found libedit, version 3.1
-- Looking for backtrace
-- Looking for backtrace - not found
-- Could NOT find Backtrace (missing: Backtrace_LIBRARY Backtrace_INCLUDE_DIR) 
-- Could NOT find cpptrace (missing: cpptrace_DIR)
-- Found JPEG: /boot/system/develop/lib/libjpeg.so (found version "62")
-- Found ZLIB: /boot/system/develop/lib/libz.so (found version "1.3.2")
-- Found PNG: /boot/system/develop/lib/libpng.so (found version "1.6.53")
-- Found the following WebP libraries:
--  WebP (required): /packages/libwebp-1.6.0-3/.self/develop/lib/libwebp.so
--  webpdemux (optional): /packages/libwebp-1.6.0-3/.self/develop/lib/libwebpdemux.so
--  mux (optional): /packages/libwebp-1.6.0-3/.self/develop/lib/libwebpmux.so
--  decoder (optional): /packages/libwebp-1.6.0-3/.self/develop/lib/libwebpdecoder.so
-- Found WebP: /packages/libwebp-1.6.0-3/.self/develop/headers
-- Checking for module 'libwoff2dec'
--   Found libwoff2dec, version 1.0.2
-- Checking for module 'libavcodec-ladybird'
--   Found libavcodec-ladybird, version 61.19.101
-- Checking for module 'libavformat-ladybird'
--   Found libavformat-ladybird, version 61.7.100
-- Checking for module 'libavutil-ladybird'
--   Found libavutil-ladybird, version 59.39.100
-- Checking for module 'libswresample-ladybird'
--   Found libswresample-ladybird, version 5.3.100
-- Found Fontconfig: /boot/system/develop/lib/libfontconfig.so (found version "2.18.2")
-- Found CURL: /packages/curl-8.21.0-1/.self/develop/lib/libcurl.so (found version "8.21.0")
-- Found ICU: /boot/system/develop/headers (found version "74.1") found components: data i18n uc
-- Found LibXml2: /packages/libxml2-2.15.3-1/.self/develop/lib/libxml2.so (found version "2.15.3")
-- Found OpenSSL: /packages/openssl3-3.5.7-1/.self/develop/lib/libcrypto.so (found version "3.5.7")
-- Performing Test CMAKE_HAVE_LIBC_PTHREAD
-- Performing Test CMAKE_HAVE_LIBC_PTHREAD - Success
-- Found Threads: TRUE
-- Found SQLite3: /packages/sqlite-3.50.4.0-1/.self/develop/lib/libsqlite3.so (found version "3.50.4")
-- Could NOT find unofficial-brotli (missing: unofficial-brotli_DIR)
-- Checking for modules 'libbrotlienc;libbrotlidec;libbrotlicommon'
--   Found libbrotlienc, version 1.2.0
--   Found libbrotlidec, version 1.2.0
--   Found libbrotlicommon, version 1.2.0
-- Checking for module 'libpsl'
--   Found libpsl, version 0.21.5
-- Checking for module 'libtommath'
--   Found libtommath, version 1.2.0
-- Could NOT find unofficial-angle (missing: unofficial-angle_DIR)
-- Checking for module 'angle'
--   Package 'angle', required by 'virtual:world', not found
-- Found Git: /boot/system/bin/git (found version "2.54.0")
-- Found Python3: /boot/system/bin/python3.10 (found version "3.10.21") found components: Interpreter
-- Could NOT find unofficial-skia (missing: unofficial-skia_DIR)
-- Checking for modules 'skia=148;skia'
--   Package 'skia', required by 'virtual:world', not found
--   Package 'skia', required by 'virtual:world', not found
CMake Error at /boot/system/data/cmake/Modules/FindPkgConfig.cmake:639 (message):
  The following required packages were not found:

   - skia=148
   - skia

Call Stack (most recent call first):
  /boot/system/data/cmake/Modules/FindPkgConfig.cmake:867 (_pkg_check_modules_internal)
  Meta/CMake/check_for_dependencies.cmake:148 (pkg_check_modules)
  CMakeLists.txt:52 (include)


-- Configuring incomplete, errors occurred!
